// Jest Snapshot v1, https://goo.gl/fbAQLP

exports[`#SeekService #relatedKeywords should have the response matching the snapshot 1`] = `
[
  "java",
  "angular",
  "react",
  "full stack",
  "python",
  "nodejs",
  "javascript",
]
`;

exports[`#SeekService #search should have the response matching the snapshot 1`] = `
[
  {
    "advertiser": {
      "description": "Bridge Associates APAC Pty Ltd",
      "id": "28815495",
    },
    "area": "North Shore & Northern Beaches",
    "areaId": 5028,
    "areaWhereValue": "North Shore & Northern Beaches Sydney NSW",
    "automaticInclusion": false,
    "bulletPoints": [
      "Exciting New Role -",
      "Career Development",
    ],
    "classification": {
      "description": "Information & Communication Technology",
      "id": "6281",
    },
    "companyName": "Bridge Associates APAC",
    "companyProfileStructuredDataId": 221565,
    "displayStyle": {
      "search": "A",
    },
    "displayType": "promoted",
    "id": 61986871,
    "isPremium": true,
    "isPrivateAdvertiser": false,
    "isStandOut": true,
    "jobLocation": {
      "countryCode": "AU",
      "label": "North Sydney, Sydney NSW",
      "seoHierarchy": [
        {
          "contextualName": "North Sydney NSW 2060",
        },
        {
          "contextualName": "All Sydney NSW",
        },
      ],
    },
    "listingDate": "2023-02-28T12:03:01Z",
    "listingDateDisplay": "4d ago",
    "location": "Sydney",
    "locationId": 1000,
    "locationWhereValue": "All Sydney NSW",
    "logo": {
      "description": null,
      "id": "",
    },
    "roleId": "digital-lead",
    "salary": "$140,000 - $169,999",
    "solMetadata": {
      "jobAdType": "SPONSORED",
      "jobId": "61986871",
      "searchRequestToken": "840c4c61-9bf7-4a82-b8f3-cddea9a8f793",
      "section": "MAIN",
      "sectionRank": 1,
      "tags": {
        "mordor__flights": "mordor_123",
        "mordor__s": "0",
      },
      "token": "0~840c4c61-9bf7-4a82-b8f3-cddea9a8f793",
    },
    "subClassification": {
      "description": "Developers/Programmers",
      "id": "6287",
    },
    "suburb": "North Sydney",
    "suburbId": 24000,
    "suburbWhereValue": "North Sydney NSW 2060",
    "teaser": "Exciting new digital lead developer role working with the latest Microsoft techs!!",
    "title": "Digital Lead - Hands on Fullstack Lead  - Agile - DevOps -",
    "tracking": "ewogICJ0b2tlbiI6ICI1OTYyZjM4NS1kNDM0LTk2NGUtOTM1ZC00ZWMwZTMwZTBiNmZfMSIKfQ==",
    "workType": "Full Time",
  },
]
`;

exports[`#SeekService #searchUsingBrowser should have the response matching the snapshot 1`] = `
[
  {
    "Extracted_at": "Mon, 06 Mar 2023 08:00:00 GMT",
    "Job_id": "59820105",
    "Job_listing_date": "Sat, 04 Feb 2023",
    "Location": "Sydney NSW",
    "company_name": "Evolution Recruitment Solutions Pty Ltd",
    "contract_type": "Full Time",
    "job_classification": "Information & Communication Technology",
    "job_title": "Senior  Fullstack .NET Software Engineer",
    "logo": "",
    "salary_range": "$140,000 - $169,999",
    "salary_type": "",
    "seek_job_ad_type": "ORGANIC",
    "seek_job_profile_url": "https://www.seek.com.au/job/59820105?type=standout#sol=09b8a51e2d80eebd75c222500c3ad8ff7159f322",
    "seek_job_teaser": "Your team will be responsible building the core product and be the Engine behind the success of Unicorn Tech Disruptor.",
    "seek_role_id": "",
    "seek_specifics": "Your team will be responsible building the core product and be the Engine behind the success of Unicorn Tech Disruptor.",
  },
]
`;
